Hello ShrijiLang
Language Test OK
